---
source: tests/snapshot_tests.rs
expression: plan
---
{
  "steps": [
    {
      "name": "packages:mise",
      "inputs": [
        {
          "image": "ghcr.io/railwayapp/railpack-builder:latest"
        }
      ],
      "commands": [
        {
          "path": "/mise/shims"
        },
        {
          "path": "/etc/mise/config.toml",
          "name": "mise.toml",
          "customName": "create mise config"
        },
        {
          "cmd": "mise install",
          "customName": "install mise packages: node"
        }
      ],
      "assets": {
        "mise.toml": "[tools.node]\nversion = \"22.0.0\"\n"
      },
      "variables": {
        "MISE_CACHE_DIR": "/mise/cache",
        "MISE_CONFIG_DIR": "/mise",
        "MISE_DATA_DIR": "/mise",
        "MISE_IDIOMATIC_VERSION_FILE_ENABLE_TOOLS": "python,node,ruby,elixir,go,java,yarn",
        "MISE_INSTALLS_DIR": "/mise/installs",
        "MISE_NODE_VERIFY": "false",
        "MISE_PARANOID": "1",
        "MISE_SHIMS_DIR": "/mise/shims",
        "MISE_TRUSTED_CONFIG_PATHS": "/app"
      }
    },
    {
      "name": "install",
      "inputs": [
        {
          "step": "packages:mise"
        }
      ],
      "commands": [
        {
          "path": "/app/node_modules/.bin"
        },
        {
          "cmd": "mkdir -p /app/node_modules/.cache"
        },
        {
          "src": "package-lock.json",
          "dest": "package-lock.json"
        },
        {
          "src": "package.json",
          "dest": "package.json"
        },
        {
          "cmd": "npm ci"
        }
      ],
      "variables": {
        "CI": "true",
        "NODE_ENV": "production",
        "NPM_CONFIG_FUND": "false",
        "NPM_CONFIG_PRODUCTION": "false",
        "NPM_CONFIG_UPDATE_NOTIFIER": "false"
      },
      "caches": [
        "npm-install"
      ]
    },
    {
      "name": "build",
      "inputs": [
        {
          "step": "install"
        },
        {
          "include": [
            "."
          ],
          "local": true
        }
      ],
      "commands": [
        {
          "cmd": "npm run build"
        }
      ],
      "secrets": [
        "*"
      ],
      "caches": [
        "node-modules",
        "vite"
      ]
    },
    {
      "name": "packages:caddy",
      "inputs": [
        {
          "image": "ghcr.io/railwayapp/railpack-builder:latest"
        }
      ],
      "commands": [
        {
          "cmd": "mise install-into caddy@latest.0.0 /railpack/caddy"
        },
        {
          "path": "/railpack/caddy"
        },
        {
          "path": "/railpack/caddy/bin"
        }
      ]
    },
    {
      "name": "caddy",
      "inputs": [
        {
          "step": "packages:caddy"
        }
      ],
      "commands": [
        {
          "path": "/Caddyfile",
          "name": "Caddyfile"
        },
        {
          "cmd": "caddy fmt --overwrite /Caddyfile"
        }
      ],
      "secrets": [
        "*"
      ],
      "assets": {
        "Caddyfile": "# global options\n{\n\tadmin off\n\tpersist_config off\n\tauto_https off\n\n\tlog {\n\t\tformat json\n\t}\n\n\tservers {\n\t\ttrusted_proxies static private_ranges 100.0.0.0/8 # trust railway's proxy\n\t}\n}\n\n# site block, listens on the $PORT environment variable, automatically assigned by railway\n:{$PORT:80} {\n\tlog {\n\t\tformat json\n\t}\n\n\trespond /health 200\n\n\t# Security headers\n\theader {\n\t\t# Prevent some browsers from MIME-sniffing a response away from the declared Content-Type\n\t\tX-Content-Type-Options \"nosniff\"\n\t\t# Remove Server header\n\t\t-Server\n\t}\n\n\t# serve from the 'dist' folder (Vite builds into the 'dist' folder)\n\troot * /app/dist\n\n\t# Handle static files\n\tfile_server {\n\t\thide .git\n\t\thide .env*\n\t}\n\n\t# Compression with more formats\n\tencode {\n\t\tgzip\n\t\tzstd\n\t}\n\n\t# Try files with HTML extension and handle SPA routing\n\ttry_files {path} {path}.html {path}/index.html /index.html\n}\n"
      }
    },
    {
      "name": "packages:apt:runtime",
      "inputs": [
        {
          "image": "ghcr.io/railwayapp/railpack-runtime:latest"
        }
      ],
      "commands": [
        {
          "cmd": "sh -c 'apt-get update && apt-get install -y libatomic1'",
          "customName": "install apt packages: libatomic1"
        }
      ],
      "caches": [
        "apt",
        "apt-lists"
      ]
    }
  ],
  "caches": {
    "apt": {
      "directory": "/var/cache/apt",
      "type": "locked"
    },
    "apt-lists": {
      "directory": "/var/lib/apt/lists",
      "type": "locked"
    },
    "node-modules": {
      "directory": "/app/node_modules/.cache",
      "type": "shared"
    },
    "npm-install": {
      "directory": "/root/.npm",
      "type": "shared"
    },
    "vite": {
      "directory": "/app/node_modules/.vite",
      "type": "shared"
    }
  },
  "deploy": {
    "base": {
      "step": "packages:apt:runtime"
    },
    "inputs": [
      {
        "include": [
          "/railpack/caddy"
        ],
        "step": "packages:caddy"
      },
      {
        "include": [
          "/Caddyfile"
        ],
        "step": "caddy"
      },
      {
        "include": [
          "dist"
        ],
        "step": "build"
      }
    ],
    "startCommand": "caddy run --config /Caddyfile --adapter caddyfile 2>&1",
    "variables": {
      "CI": "true",
      "NODE_ENV": "production",
      "NPM_CONFIG_FUND": "false",
      "NPM_CONFIG_PRODUCTION": "false",
      "NPM_CONFIG_UPDATE_NOTIFIER": "false"
    }
  }
}
