---
source: tests/snapshot_tests.rs
expression: plan
---
{
  "steps": [
    {
      "name": "packages:apt:build",
      "inputs": [
        {
          "image": "ghcr.io/railwayapp/railpack-builder:latest"
        }
      ],
      "commands": [
        {
          "cmd": "sh -c 'apt-get update && apt-get install -y cargo libjemalloc-dev libyaml-dev rustc'",
          "customName": "install apt packages: cargo libjemalloc-dev libyaml-dev rustc"
        }
      ],
      "caches": [
        "apt",
        "apt-lists"
      ]
    },
    {
      "name": "packages:mise",
      "inputs": [
        {
          "step": "packages:apt:build"
        }
      ],
      "commands": [
        {
          "path": "/mise/shims"
        },
        {
          "path": "/etc/mise/config.toml",
          "name": "mise.toml",
          "customName": "create mise config"
        },
        {
          "cmd": "mise install",
          "customName": "install mise packages: ruby"
        }
      ],
      "assets": {
        "mise.toml": "[tools.ruby]\nversion = \"3.3.0.0.0\"\n"
      },
      "variables": {
        "MISE_CACHE_DIR": "/mise/cache",
        "MISE_CONFIG_DIR": "/mise",
        "MISE_DATA_DIR": "/mise",
        "MISE_IDIOMATIC_VERSION_FILE_ENABLE_TOOLS": "python,node,ruby,elixir,go,java,yarn",
        "MISE_INSTALLS_DIR": "/mise/installs",
        "MISE_NODE_VERIFY": "false",
        "MISE_PARANOID": "1",
        "MISE_SHIMS_DIR": "/mise/shims",
        "MISE_TRUSTED_CONFIG_PATHS": "/app"
      }
    },
    {
      "name": "install",
      "inputs": [
        {
          "step": "packages:mise"
        }
      ],
      "commands": [
        {
          "cmd": "gem install -N bundler:2.5.6"
        },
        {
          "src": "Gemfile",
          "dest": "Gemfile"
        },
        {
          "src": "Gemfile.lock",
          "dest": "Gemfile.lock"
        },
        {
          "cmd": "bundle install"
        },
        {
          "path": "/usr/local/bundle"
        }
      ],
      "variables": {
        "BUNDLE_GEMFILE": "/app/Gemfile",
        "GEM_HOME": "/usr/local/bundle",
        "GEM_PATH": "/usr/local/bundle",
        "LD_PRELOAD": "/usr/lib/x86_64-linux-gnu/libjemalloc.so",
        "MALLOC_ARENA_MAX": "2"
      }
    },
    {
      "name": "build",
      "inputs": [
        {
          "step": "install"
        },
        {
          "include": [
            "."
          ],
          "local": true
        }
      ],
      "variables": {
        "BUNDLE_GEMFILE": "/app/Gemfile",
        "GEM_HOME": "/usr/local/bundle",
        "GEM_PATH": "/usr/local/bundle",
        "LD_PRELOAD": "/usr/lib/x86_64-linux-gnu/libjemalloc.so",
        "MALLOC_ARENA_MAX": "2"
      }
    },
    {
      "name": "packages:apt:runtime",
      "inputs": [
        {
          "image": "ghcr.io/railwayapp/railpack-runtime:latest"
        }
      ],
      "commands": [
        {
          "cmd": "sh -c 'apt-get update && apt-get install -y libjemalloc-dev libyaml-dev'",
          "customName": "install apt packages: libjemalloc-dev libyaml-dev"
        }
      ],
      "caches": [
        "apt",
        "apt-lists"
      ]
    }
  ],
  "caches": {
    "apt": {
      "directory": "/var/cache/apt",
      "type": "locked"
    },
    "apt-lists": {
      "directory": "/var/lib/apt/lists",
      "type": "locked"
    }
  },
  "deploy": {
    "base": {
      "step": "packages:apt:runtime"
    },
    "inputs": [
      {
        "include": [
          "/mise/shims",
          "/mise/installs",
          "/usr/local/bin/mise",
          "/etc/mise/config.toml",
          "/root/.local/state/mise"
        ],
        "step": "packages:mise"
      },
      {
        "include": [
          "/usr/local/bundle"
        ],
        "step": "install"
      },
      {
        "include": [
          "/app"
        ],
        "step": "build"
      }
    ],
    "startCommand": "bundle exec rackup config.ru -p ${PORT:-3000}",
    "variables": {
      "BUNDLE_GEMFILE": "/app/Gemfile",
      "GEM_HOME": "/usr/local/bundle",
      "GEM_PATH": "/usr/local/bundle",
      "LD_PRELOAD": "/usr/lib/x86_64-linux-gnu/libjemalloc.so",
      "MALLOC_ARENA_MAX": "2"
    }
  }
}
